exports[`Map renders correctly 1`] = `
<View
  style={
    Array [
      Object {
        "alignItems": "stretch",
        "flex": 1,
        "flexDirection": "column",
        "justifyContent": "flex-start",
      },
      Object {},
    ]
  }>
  <View
    style={
      Object {
        "backgroundColor": "rgb(51, 204, 94)",
        "height": 20,
      }
    } />
  <MapView
    loadingEnabled={true}
    moveOnMarkerPress={false}
    onRegionChange={[Function]}
    pitchEnabled={false}
    provider="google"
    region={
      Object {
        "latitude": 28.60166,
        "latitudeDelta": 0.0206,
        "longitude": -81.200788,
        "longitudeDelta": 0.014,
      }
    }
    rotateEnabled={false}
    showsCompass={false}
    style={
      Object {
        "flex": 5,
      }
    }>
    <EventMarker
      details={
        Object {
          "category": "Sports",
          "description": "test test test",
          "ends": "midnight",
          "event_id": "12345",
          "id": "12345",
          "location": "Location 123",
          "starts": "midnight",
          "title": "This is a test event",
        }
      }
      loadModal={[Function]} />
  </MapView>
  <Modal
    animationType="fade"
    onRequestClose={[Function]}
    transparent={true}
    visible={false}>
    <View
      style={
        Object {
          "alignItems": "center",
          "backgroundColor": "rgba(20, 20, 20, 0.8)",
          "flex": 1,
        }
      }>
      <View
        style={
          Object {
            "alignItems": "center",
            "backgroundColor": "white",
            "borderColor": "rgb(150,150,150)",
            "borderRadius": 10,
            "borderStyle": "solid",
            "borderWidth": 0.5,
            "flex": 1,
            "flexDirection": "column",
            "marginBottom": 125,
            "marginLeft": 30,
            "marginRight": 30,
            "marginTop": 125,
          }
        }>
        <View
          style={
            Object {
              "alignItems": "center",
              "marginLeft": 25,
              "marginRight": 25,
            }
          }>
          <Text
            accessible={true}
            allowFontScaling={true}
            ellipsizeMode="tail"
            style={
              Object {
                "alignItems": "center",
                "color": "rgb(100,100,100)",
                "fontSize": 18,
                "fontWeight": "bold",
                "justifyContent": "center",
                "marginTop": 25,
              }
            }>
            
          </Text>
          <ScrollView
            style={
              Object {
                "marginBottom": 10,
                "marginTop": 15,
              }
            }>
            <Text
              accessible={true}
              allowFontScaling={true}
              ellipsizeMode="tail"
              style={
                Object {
                  "alignItems": "center",
                  "color": "rgb(100,100,100)",
                  "fontSize": 16,
                  "justifyContent": "center",
                  "marginTop": 30,
                }
              }>
              
            </Text>
          </ScrollView>
          <TouchableOpacity
            activeOpacity={0.2}
            onPress={[Function]}>
            <Text
              accessible={true}
              allowFontScaling={true}
              ellipsizeMode="tail"
              style={
                Object {
                  "alignItems": "center",
                  "color": "rgb(51, 204, 94)",
                  "fontSize": 18,
                  "justifyContent": "center",
                  "marginBottom": 20,
                }
              }>
              Back
            </Text>
          </TouchableOpacity>
        </View>
      </View>
    </View>
  </Modal>
</View>
`;
