exports[`Map renders correctly 1`] = `
<View
  style={
    Array [
      Object {
        "alignItems": "stretch",
        "flex": 1,
        "flexDirection": "column",
        "justifyContent": "flex-start",
      },
      Object {},
    ]
  }>
  <MapView
    loadingEnabled={true}
    onRegionChange={[Function]}
    pitchEnabled={false}
    provider="google"
    region={
      Object {
        "latitude": 28.60166,
        "latitudeDelta": 0.0206,
        "longitude": -81.200788,
        "longitudeDelta": 0.014,
      }
    }
    rotateEnabled={false}
    showsCompass={false}
    style={
      Object {
        "flex": 5,
      }
    } />
</View>
`;
