exports[`TabBar renders correctly 1`] = `
<ScrollableTabView
  locked={true}
  renderTabBar={[Function]}
  tabBarPosition="bottom">
  <View
    style={
      Object {
        "alignItems": "stretch",
        "flex": 1,
        "flexDirection": "column",
        "justifyContent": "flex-start",
      }
    }>
    <MapView
      loadingEnabled={true}
      onRegionChange={[Function]}
      pitchEnabled={false}
      provider="google"
      region={
        Object {
          "latitude": 28.60166,
          "latitudeDelta": 0.0206,
          "longitude": -81.200788,
          "longitudeDelta": 0.014,
        }
      }
      rotateEnabled={false}
      showsCompass={false}
      style={
        Object {
          "flex": 5,
        }
      } />
  </View>
  <View
    style={
      Array [
        Object {
          "flex": 1,
          "overflow": "hidden",
        },
        undefined,
      ]
    }>
    <View
      onMoveShouldSetResponder={[Function]}
      onMoveShouldSetResponderCapture={[Function]}
      onResponderEnd={[Function]}
      onResponderGrant={[Function]}
      onResponderMove={[Function]}
      onResponderReject={[Function]}
      onResponderRelease={[Function]}
      onResponderStart={[Function]}
      onResponderTerminate={[Function]}
      onResponderTerminationRequest={[Function]}
      onStartShouldSetResponder={[Function]}
      onStartShouldSetResponderCapture={[Function]}
      onTouchStart={[Function]}
      style={
        Object {
          "backgroundColor": "transparent",
          "flex": 1,
          "overflow": "hidden",
        }
      }>
      <View
        onStartShouldSetResponderCapture={[Function]}
        pointerEvents="auto"
        style={
          Array [
            Object {
              "bottom": 0,
              "left": 0,
              "overflow": "hidden",
              "position": "absolute",
              "right": 0,
              "top": 0,
            },
            Object {
              "bottom": 0,
              "left": 0,
              "position": "absolute",
              "right": 0,
              "top": 0,
            },
            null,
          ]
        }>
        <ScrollView
          style={
            Object {
              "backgroundColor": "rgb(235,235,235)",
              "flex": 1,
            }
          }>
          <TouchableOpacity
            activeOpacity={0.2}
            onPress={[Function]}
            style={
              Object {
                "borderBottomWidth": 0.5,
                "borderColor": "rgb(150,150,150)",
                "borderStyle": "solid",
                "borderTopWidth": 0.5,
                "flexDirection": "row",
                "height": 75,
              }
            }>
            <View
              style={
                Object {
                  "alignItems": "center",
                  "flex": 1,
                  "flexDirection": "row",
                  "justifyContent": "space-between",
                  "margin": 5,
                }
              }>
              <Text
                accessible={true}
                allowFontScaling={true}
                ellipsizeMode="tail">
                TEST
              </Text>
              <Text
                accessible={true}
                allowFontScaling={false}
                ellipsizeMode="tail"
                style={
                  Array [
                    Object {
                      "color": undefined,
                      "fontSize": 20,
                    },
                    Object {
                      "marginRight": 15,
                    },
                    Object {
                      "fontFamily": "FontAwesome",
                      "fontStyle": "normal",
                      "fontWeight": "normal",
                    },
                  ]
                }>
                
              </Text>
            </View>
          </TouchableOpacity>
          <TouchableOpacity
            activeOpacity={0.2}
            onPress={undefined}
            style={
              Object {
                "borderBottomWidth": 0.5,
                "borderColor": "rgb(150,150,150)",
                "borderStyle": "solid",
                "borderTopWidth": 0.5,
                "flexDirection": "row",
                "height": 75,
              }
            }>
            <View
              style={
                Object {
                  "alignItems": "center",
                  "flex": 1,
                  "flexDirection": "row",
                  "justifyContent": "space-between",
                  "margin": 5,
                }
              }>
              <Text
                accessible={true}
                allowFontScaling={true}
                ellipsizeMode="tail">
                TEST
              </Text>
              <Text
                accessible={true}
                allowFontScaling={false}
                ellipsizeMode="tail"
                style={
                  Array [
                    Object {
                      "color": undefined,
                      "fontSize": 20,
                    },
                    Object {
                      "marginRight": 15,
                    },
                    Object {
                      "fontFamily": "FontAwesome",
                      "fontStyle": "normal",
                      "fontWeight": "normal",
                    },
                  ]
                }>
                
              </Text>
            </View>
          </TouchableOpacity>
          <TouchableOpacity
            activeOpacity={0.2}
            onPress={undefined}
            style={
              Object {
                "borderBottomWidth": 0.5,
                "borderColor": "rgb(150,150,150)",
                "borderStyle": "solid",
                "borderTopWidth": 0.5,
                "flexDirection": "row",
                "height": 75,
              }
            }>
            <View
              style={
                Object {
                  "alignItems": "center",
                  "flex": 1,
                  "flexDirection": "row",
                  "justifyContent": "space-between",
                  "margin": 5,
                }
              }>
              <Text
                accessible={true}
                allowFontScaling={true}
                ellipsizeMode="tail">
                TEST
              </Text>
              <Text
                accessible={true}
                allowFontScaling={false}
                ellipsizeMode="tail"
                style={
                  Array [
                    Object {
                      "color": undefined,
                      "fontSize": 20,
                    },
                    Object {
                      "marginRight": 15,
                    },
                    Object {
                      "fontFamily": "FontAwesome",
                      "fontStyle": "normal",
                      "fontWeight": "normal",
                    },
                  ]
                }>
                
              </Text>
            </View>
          </TouchableOpacity>
          <TouchableOpacity
            activeOpacity={0.2}
            onPress={undefined}
            style={
              Object {
                "borderBottomWidth": 0.5,
                "borderColor": "rgb(150,150,150)",
                "borderStyle": "solid",
                "borderTopWidth": 0.5,
                "flexDirection": "row",
                "height": 75,
              }
            }>
            <View
              style={
                Object {
                  "alignItems": "center",
                  "flex": 1,
                  "flexDirection": "row",
                  "justifyContent": "space-between",
                  "margin": 5,
                }
              }>
              <Text
                accessible={true}
                allowFontScaling={true}
                ellipsizeMode="tail">
                TEST
              </Text>
              <Text
                accessible={true}
                allowFontScaling={false}
                ellipsizeMode="tail"
                style={
                  Array [
                    Object {
                      "color": undefined,
                      "fontSize": 20,
                    },
                    Object {
                      "marginRight": 15,
                    },
                    Object {
                      "fontFamily": "FontAwesome",
                      "fontStyle": "normal",
                      "fontWeight": "normal",
                    },
                  ]
                }>
                
              </Text>
            </View>
          </TouchableOpacity>
          <TouchableOpacity
            activeOpacity={0.2}
            onPress={undefined}
            style={
              Object {
                "borderBottomWidth": 0.5,
                "borderColor": "rgb(150,150,150)",
                "borderStyle": "solid",
                "borderTopWidth": 0.5,
                "flexDirection": "row",
                "height": 75,
              }
            }>
            <View
              style={
                Object {
                  "alignItems": "center",
                  "flex": 1,
                  "flexDirection": "row",
                  "justifyContent": "space-between",
                  "margin": 5,
                }
              }>
              <Text
                accessible={true}
                allowFontScaling={true}
                ellipsizeMode="tail">
                TEST
              </Text>
              <Text
                accessible={true}
                allowFontScaling={false}
                ellipsizeMode="tail"
                style={
                  Array [
                    Object {
                      "color": undefined,
                      "fontSize": 20,
                    },
                    Object {
                      "marginRight": 15,
                    },
                    Object {
                      "fontFamily": "FontAwesome",
                      "fontStyle": "normal",
                      "fontWeight": "normal",
                    },
                  ]
                }>
                
              </Text>
            </View>
          </TouchableOpacity>
        </ScrollView>
      </View>
    </View>
  </View>
</ScrollableTabView>
`;
